device cuda | pool 5867 | val 1485
  [ssl tau=0.1] epoch 001 loss 1.9527 norm_std 0.0424 erank 107.4
  [ssl tau=0.1] epoch 010 loss 0.4029 norm_std 0.0434 erank 99.4
  [ssl tau=0.1] epoch 020 loss 0.3141 norm_std 0.0440 erank 95.4
  [ssl tau=0.1] epoch 030 loss 0.2755 norm_std 0.0442 erank 93.8
  [ssl tau=0.1] epoch 040 loss 0.2733 norm_std 0.0445 erank 92.9
  [ssl tau=0.1] epoch 050 loss 0.2514 norm_std 0.0444 erank 91.9
  [ssl tau=0.1] epoch 060 loss 0.2433 norm_std 0.0445 erank 92.5
  [ssl tau=0.1] epoch 070 loss 0.2260 norm_std 0.0447 erank 92.5
  [ssl tau=0.1] epoch 080 loss 0.2127 norm_std 0.0447 erank 92.3
  [ssl tau=0.1] epoch 090 loss 0.2136 norm_std 0.0447 erank 92.5
  [ssl tau=0.1] epoch 100 loss 0.2080 norm_std 0.0448 erank 92.1
  [ssl tau=0.1] epoch 110 loss 0.1987 norm_std 0.0448 erank 92.0
  [ssl tau=0.1] epoch 120 loss 0.1932 norm_std 0.0449 erank 91.8
  [ssl tau=0.1] epoch 130 loss 0.1964 norm_std 0.0449 erank 91.8
  [ssl tau=0.1] epoch 140 loss 0.1840 norm_std 0.0449 erank 91.8
  [ssl tau=0.1] epoch 150 loss 0.1808 norm_std 0.0449 erank 92.0
  [ssl tau=0.1] epoch 160 loss 0.1732 norm_std 0.0449 erank 91.5
  [ssl tau=0.1] epoch 170 loss 0.1751 norm_std 0.0449 erank 91.7
  [ssl tau=0.1] epoch 180 loss 0.1778 norm_std 0.0449 erank 91.7
  [ssl tau=0.1] epoch 190 loss 0.1680 norm_std 0.0449 erank 91.7
  [ssl tau=0.1] epoch 200 loss 0.1730 norm_std 0.0449 erank 91.7
seed 42 budget 0.01 sup_aug: val F1 1.0000 (n_val=15)
seed 42 budget 0.01 ssl_probe: val F1 0.6333 (n_val=15)
seed 42 budget 0.01 ssl_ft: val F1 1.0000 (n_val=15)
seed 42 budget 0.1 sup_aug: val F1 0.9250 (n_val=148)
seed 42 budget 0.1 ssl_probe: val F1 0.8568 (n_val=148)
seed 42 budget 0.1 ssl_ft: val F1 0.9250 (n_val=148)
seed 42 budget 1.0 sup_aug: val F1 0.9431 (n_val=1485)
seed 42 budget 1.0 ssl_probe: val F1 0.9380 (n_val=1485)
seed 42 budget 1.0 ssl_ft: val F1 0.9452 (n_val=1485)
  [ssl tau=0.1] epoch 001 loss 1.8734 norm_std 0.0423 erank 107.1
  [ssl tau=0.1] epoch 010 loss 0.3934 norm_std 0.0433 erank 97.7
  [ssl tau=0.1] epoch 020 loss 0.3180 norm_std 0.0434 erank 93.6
  [ssl tau=0.1] epoch 030 loss 0.2845 norm_std 0.0434 erank 93.3
  [ssl tau=0.1] epoch 040 loss 0.2596 norm_std 0.0436 erank 93.6
  [ssl tau=0.1] epoch 050 loss 0.2363 norm_std 0.0439 erank 91.7
  [ssl tau=0.1] epoch 060 loss 0.2420 norm_std 0.0440 erank 92.7
  [ssl tau=0.1] epoch 070 loss 0.2284 norm_std 0.0440 erank 92.2
  [ssl tau=0.1] epoch 080 loss 0.2045 norm_std 0.0443 erank 92.6
  [ssl tau=0.1] epoch 090 loss 0.2111 norm_std 0.0442 erank 92.3
  [ssl tau=0.1] epoch 100 loss 0.2102 norm_std 0.0442 erank 92.7
  [ssl tau=0.1] epoch 110 loss 0.1956 norm_std 0.0443 erank 92.8
  [ssl tau=0.1] epoch 120 loss 0.1955 norm_std 0.0442 erank 92.4
  [ssl tau=0.1] epoch 130 loss 0.1851 norm_std 0.0443 erank 92.2
  [ssl tau=0.1] epoch 140 loss 0.1819 norm_std 0.0443 erank 92.7
  [ssl tau=0.1] epoch 150 loss 0.1750 norm_std 0.0443 erank 92.6
  [ssl tau=0.1] epoch 160 loss 0.1799 norm_std 0.0443 erank 92.6
  [ssl tau=0.1] epoch 170 loss 0.1687 norm_std 0.0443 erank 92.5
  [ssl tau=0.1] epoch 180 loss 0.1768 norm_std 0.0443 erank 92.6
  [ssl tau=0.1] epoch 190 loss 0.1821 norm_std 0.0443 erank 92.5
  [ssl tau=0.1] epoch 200 loss 0.1744 norm_std 0.0443 erank 92.6
seed 43 budget 0.01 sup_aug: val F1 0.7778 (n_val=15)
seed 43 budget 0.01 ssl_probe: val F1 0.7778 (n_val=15)
seed 43 budget 0.01 ssl_ft: val F1 0.7778 (n_val=15)
seed 43 budget 0.1 sup_aug: val F1 0.9319 (n_val=148)
seed 43 budget 0.1 ssl_probe: val F1 0.8955 (n_val=148)
seed 43 budget 0.1 ssl_ft: val F1 0.9319 (n_val=148)
seed 43 budget 1.0 sup_aug: val F1 0.9438 (n_val=1485)
seed 43 budget 1.0 ssl_probe: val F1 0.9360 (n_val=1485)
seed 43 budget 1.0 ssl_ft: val F1 0.9494 (n_val=1485)
  [ssl tau=0.1] epoch 001 loss 1.8998 norm_std 0.0413 erank 108.7
  [ssl tau=0.1] epoch 010 loss 0.3921 norm_std 0.0428 erank 97.7
  [ssl tau=0.1] epoch 020 loss 0.3170 norm_std 0.0432 erank 94.2
  [ssl tau=0.1] epoch 030 loss 0.2733 norm_std 0.0432 erank 93.3
  [ssl tau=0.1] epoch 040 loss 0.2607 norm_std 0.0435 erank 92.2
  [ssl tau=0.1] epoch 050 loss 0.2381 norm_std 0.0439 erank 91.6
  [ssl tau=0.1] epoch 060 loss 0.2363 norm_std 0.0441 erank 91.7
  [ssl tau=0.1] epoch 070 loss 0.2283 norm_std 0.0442 erank 91.3
  [ssl tau=0.1] epoch 080 loss 0.2185 norm_std 0.0443 erank 91.2
  [ssl tau=0.1] epoch 090 loss 0.2089 norm_std 0.0442 erank 91.2
  [ssl tau=0.1] epoch 100 loss 0.2048 norm_std 0.0444 erank 91.0
  [ssl tau=0.1] epoch 110 loss 0.2002 norm_std 0.0444 erank 90.1
  [ssl tau=0.1] epoch 120 loss 0.1886 norm_std 0.0444 erank 90.7
  [ssl tau=0.1] epoch 130 loss 0.1873 norm_std 0.0444 erank 90.5
  [ssl tau=0.1] epoch 140 loss 0.1818 norm_std 0.0444 erank 90.2
  [ssl tau=0.1] epoch 150 loss 0.1783 norm_std 0.0445 erank 90.5
  [ssl tau=0.1] epoch 160 loss 0.1766 norm_std 0.0445 erank 90.3
  [ssl tau=0.1] epoch 170 loss 0.1785 norm_std 0.0445 erank 90.2
  [ssl tau=0.1] epoch 180 loss 0.1810 norm_std 0.0445 erank 90.3
  [ssl tau=0.1] epoch 190 loss 0.1705 norm_std 0.0445 erank 90.1
  [ssl tau=0.1] epoch 200 loss 0.1705 norm_std 0.0445 erank 90.2
seed 44 budget 0.01 sup_aug: val F1 0.7778 (n_val=15)
seed 44 budget 0.01 ssl_probe: val F1 0.5556 (n_val=15)
seed 44 budget 0.01 ssl_ft: val F1 0.7778 (n_val=15)
seed 44 budget 0.1 sup_aug: val F1 0.9938 (n_val=148)
seed 44 budget 0.1 ssl_probe: val F1 0.9933 (n_val=148)
seed 44 budget 0.1 ssl_ft: val F1 0.9938 (n_val=148)
seed 44 budget 1.0 sup_aug: val F1 0.9437 (n_val=1485)
seed 44 budget 1.0 ssl_probe: val F1 0.9414 (n_val=1485)
seed 44 budget 1.0 ssl_ft: val F1 0.9439 (n_val=1485)
