device cuda | pool 5867 | val 1485
seed 42 budget 0.01 sup: val F1 1.0000 (n_val=15)
seed 42 budget 0.01 sup_aug: val F1 1.0000 (n_val=15)
seed 42 budget 0.01 rand_probe: val F1 0.9111 (n_val=15)
seed 42 budget 0.01 ssl_probe: val F1 1.0000 (n_val=15)
seed 42 budget 0.01 ssl_knn: val F1 0.6611 (n_val=15)
seed 42 budget 0.01 ssl_ft: val F1 1.0000 (n_val=15)
seed 42 budget 0.1 sup: val F1 0.9250 (n_val=148)
seed 42 budget 0.1 sup_aug: val F1 0.9686 (n_val=148)
seed 42 budget 0.1 rand_probe: val F1 0.9098 (n_val=148)
seed 42 budget 0.1 ssl_probe: val F1 0.9602 (n_val=148)
seed 42 budget 0.1 ssl_knn: val F1 0.9110 (n_val=148)
seed 42 budget 0.1 ssl_ft: val F1 0.9250 (n_val=148)
seed 42 budget 1.0 sup: val F1 0.9470 (n_val=1485)
seed 42 budget 1.0 sup_aug: val F1 0.9556 (n_val=1485)
seed 42 budget 1.0 rand_probe: val F1 0.9178 (n_val=1485)
seed 42 budget 1.0 ssl_probe: val F1 0.9572 (n_val=1485)
seed 42 budget 1.0 ssl_knn: val F1 0.9146 (n_val=1485)
seed 42 budget 1.0 ssl_ft: val F1 0.9464 (n_val=1485)
  [ssl tau=0.1] epoch 001 loss 3.3212 norm_std 0.0395 erank 102.4
  [ssl tau=0.1] epoch 010 loss 1.3747 norm_std 0.0391 erank 82.7
  [ssl tau=0.1] epoch 020 loss 1.1621 norm_std 0.0399 erank 79.4
  [ssl tau=0.1] epoch 030 loss 1.0641 norm_std 0.0398 erank 78.4
  [ssl tau=0.1] epoch 040 loss 1.0029 norm_std 0.0397 erank 79.0
  [ssl tau=0.1] epoch 050 loss 0.9137 norm_std 0.0399 erank 78.2
  [ssl tau=0.1] epoch 060 loss 0.9026 norm_std 0.0400 erank 79.0
  [ssl tau=0.1] epoch 070 loss 0.8897 norm_std 0.0399 erank 79.0
  [ssl tau=0.1] epoch 080 loss 0.8492 norm_std 0.0400 erank 79.4
  [ssl tau=0.1] epoch 090 loss 0.8450 norm_std 0.0398 erank 78.6
  [ssl tau=0.1] epoch 100 loss 0.7957 norm_std 0.0399 erank 79.6
  [ssl tau=0.1] epoch 110 loss 0.7772 norm_std 0.0401 erank 79.6
  [ssl tau=0.1] epoch 120 loss 0.7738 norm_std 0.0400 erank 80.6
  [ssl tau=0.1] epoch 130 loss 0.7798 norm_std 0.0400 erank 80.5
  [ssl tau=0.1] epoch 140 loss 0.7491 norm_std 0.0400 erank 81.1
  [ssl tau=0.1] epoch 150 loss 0.7394 norm_std 0.0399 erank 81.1
  [ssl tau=0.1] epoch 160 loss 0.7188 norm_std 0.0400 erank 81.2
  [ssl tau=0.1] epoch 170 loss 0.7179 norm_std 0.0400 erank 80.9
  [ssl tau=0.1] epoch 180 loss 0.7008 norm_std 0.0400 erank 81.0
  [ssl tau=0.1] epoch 190 loss 0.7109 norm_std 0.0399 erank 81.0
  [ssl tau=0.1] epoch 200 loss 0.7120 norm_std 0.0399 erank 81.1
seed 43 budget 0.01 sup: val F1 0.9111 (n_val=15)
seed 43 budget 0.01 sup_aug: val F1 1.0000 (n_val=15)
seed 43 budget 0.01 rand_probe: val F1 0.7778 (n_val=15)
seed 43 budget 0.01 ssl_probe: val F1 1.0000 (n_val=15)
seed 43 budget 0.01 ssl_knn: val F1 0.8889 (n_val=15)
seed 43 budget 0.01 ssl_ft: val F1 1.0000 (n_val=15)
seed 43 budget 0.1 sup: val F1 0.9444 (n_val=148)
seed 43 budget 0.1 sup_aug: val F1 0.9621 (n_val=148)
seed 43 budget 0.1 rand_probe: val F1 0.8725 (n_val=148)
seed 43 budget 0.1 ssl_probe: val F1 0.9301 (n_val=148)
seed 43 budget 0.1 ssl_knn: val F1 0.8571 (n_val=148)
seed 43 budget 0.1 ssl_ft: val F1 0.9319 (n_val=148)
seed 43 budget 1.0 sup: val F1 0.9445 (n_val=1485)
seed 43 budget 1.0 sup_aug: val F1 0.9570 (n_val=1485)
seed 43 budget 1.0 rand_probe: val F1 0.9180 (n_val=1485)
seed 43 budget 1.0 ssl_probe: val F1 0.9469 (n_val=1485)
seed 43 budget 1.0 ssl_knn: val F1 0.9114 (n_val=1485)
seed 43 budget 1.0 ssl_ft: val F1 0.9476 (n_val=1485)
  [ssl tau=0.1] epoch 001 loss 3.2976 norm_std 0.0389 erank 103.7
  [ssl tau=0.1] epoch 010 loss 1.3767 norm_std 0.0389 erank 85.4
  [ssl tau=0.1] epoch 020 loss 1.1861 norm_std 0.0396 erank 81.2
  [ssl tau=0.1] epoch 030 loss 1.0478 norm_std 0.0397 erank 77.8
  [ssl tau=0.1] epoch 040 loss 0.9764 norm_std 0.0398 erank 78.1
  [ssl tau=0.1] epoch 050 loss 0.9327 norm_std 0.0397 erank 76.9
  [ssl tau=0.1] epoch 060 loss 0.9123 norm_std 0.0395 erank 77.4
  [ssl tau=0.1] epoch 070 loss 0.8750 norm_std 0.0398 erank 78.4
  [ssl tau=0.1] epoch 080 loss 0.8483 norm_std 0.0395 erank 76.9
  [ssl tau=0.1] epoch 090 loss 0.8059 norm_std 0.0396 erank 79.3
  [ssl tau=0.1] epoch 100 loss 0.8284 norm_std 0.0396 erank 78.5
  [ssl tau=0.1] epoch 110 loss 0.7871 norm_std 0.0397 erank 79.6
  [ssl tau=0.1] epoch 120 loss 0.7793 norm_std 0.0398 erank 78.7
  [ssl tau=0.1] epoch 130 loss 0.7538 norm_std 0.0398 erank 79.1
  [ssl tau=0.1] epoch 140 loss 0.7281 norm_std 0.0398 erank 79.3
  [ssl tau=0.1] epoch 150 loss 0.7383 norm_std 0.0397 erank 79.6
  [ssl tau=0.1] epoch 160 loss 0.7209 norm_std 0.0396 erank 79.7
  [ssl tau=0.1] epoch 170 loss 0.7054 norm_std 0.0397 erank 79.5
  [ssl tau=0.1] epoch 180 loss 0.6968 norm_std 0.0397 erank 79.7
  [ssl tau=0.1] epoch 190 loss 0.6982 norm_std 0.0397 erank 79.5
  [ssl tau=0.1] epoch 200 loss 0.7032 norm_std 0.0397 erank 79.5
seed 44 budget 0.01 sup: val F1 0.7778 (n_val=15)
seed 44 budget 0.01 sup_aug: val F1 0.9429 (n_val=15)
seed 44 budget 0.01 rand_probe: val F1 0.5556 (n_val=15)
seed 44 budget 0.01 ssl_probe: val F1 0.9111 (n_val=15)
seed 44 budget 0.01 ssl_knn: val F1 0.7722 (n_val=15)
seed 44 budget 0.01 ssl_ft: val F1 0.7778 (n_val=15)
seed 44 budget 0.1 sup: val F1 0.9938 (n_val=148)
seed 44 budget 0.1 sup_aug: val F1 0.9938 (n_val=148)
seed 44 budget 0.1 rand_probe: val F1 0.9938 (n_val=148)
seed 44 budget 0.1 ssl_probe: val F1 0.9813 (n_val=148)
seed 44 budget 0.1 ssl_knn: val F1 0.9280 (n_val=148)
seed 44 budget 0.1 ssl_ft: val F1 0.9938 (n_val=148)
seed 44 budget 1.0 sup: val F1 0.9458 (n_val=1485)
seed 44 budget 1.0 sup_aug: val F1 0.9576 (n_val=1485)
seed 44 budget 1.0 rand_probe: val F1 0.9259 (n_val=1485)
seed 44 budget 1.0 ssl_probe: val F1 0.9365 (n_val=1485)
seed 44 budget 1.0 ssl_knn: val F1 0.9152 (n_val=1485)
seed 44 budget 1.0 ssl_ft: val F1 0.9464 (n_val=1485)
exit 0
