device cuda | pool 5867 | val 1485
seed 42 budget 0.05 sup: val F1 0.9489 (n_val=74)
seed 42 budget 0.05 sup_aug: val F1 0.9750 (n_val=74)
seed 42 budget 0.05 rand_probe: val F1 0.9337 (n_val=74)
seed 42 budget 0.05 ssl_probe: val F1 0.9621 (n_val=74)
seed 42 budget 0.05 ssl_knn: val F1 0.8127 (n_val=74)
seed 42 budget 0.05 ssl_ft: val F1 0.9489 (n_val=74)
seed 42 budget 0.25 sup: val F1 0.9221 (n_val=371)
seed 42 budget 0.25 sup_aug: val F1 0.9499 (n_val=371)
seed 42 budget 0.25 rand_probe: val F1 0.9028 (n_val=371)
seed 42 budget 0.25 ssl_probe: val F1 0.9627 (n_val=371)
seed 42 budget 0.25 ssl_knn: val F1 0.9404 (n_val=371)
seed 42 budget 0.25 ssl_ft: val F1 0.9291 (n_val=371)
seed 43 budget 0.05 sup: val F1 0.8634 (n_val=74)
seed 43 budget 0.05 sup_aug: val F1 0.9351 (n_val=74)
seed 43 budget 0.05 rand_probe: val F1 0.7364 (n_val=74)
seed 43 budget 0.05 ssl_probe: val F1 0.8889 (n_val=74)
seed 43 budget 0.05 ssl_knn: val F1 0.7853 (n_val=74)
seed 43 budget 0.05 ssl_ft: val F1 0.8634 (n_val=74)
seed 43 budget 0.25 sup: val F1 0.9214 (n_val=371)
seed 43 budget 0.25 sup_aug: val F1 0.9484 (n_val=371)
seed 43 budget 0.25 rand_probe: val F1 0.9173 (n_val=371)
seed 43 budget 0.25 ssl_probe: val F1 0.9299 (n_val=371)
seed 43 budget 0.25 ssl_knn: val F1 0.8997 (n_val=371)
seed 43 budget 0.25 ssl_ft: val F1 0.9242 (n_val=371)
seed 44 budget 0.05 sup: val F1 1.0000 (n_val=74)
seed 44 budget 0.05 sup_aug: val F1 1.0000 (n_val=74)
seed 44 budget 0.05 rand_probe: val F1 1.0000 (n_val=74)
seed 44 budget 0.05 ssl_probe: val F1 0.9750 (n_val=74)
seed 44 budget 0.05 ssl_knn: val F1 0.9088 (n_val=74)
seed 44 budget 0.05 ssl_ft: val F1 0.9877 (n_val=74)
seed 44 budget 0.25 sup: val F1 0.9416 (n_val=371)
seed 44 budget 0.25 sup_aug: val F1 0.9513 (n_val=371)
seed 44 budget 0.25 rand_probe: val F1 0.9326 (n_val=371)
seed 44 budget 0.25 ssl_probe: val F1 0.9286 (n_val=371)
seed 44 budget 0.25 ssl_knn: val F1 0.8935 (n_val=371)
seed 44 budget 0.25 ssl_ft: val F1 0.9386 (n_val=371)
