device cuda | pool 5867 | val 1485
seed 42 budget 0.01 sup: val F1 0.8917 (n_val=15)
seed 42 budget 0.01 sup_aug: val F1 0.9429 (n_val=15)
seed 42 budget 0.01 rand_probe: val F1 0.7873 (n_val=15)
seed 42 budget 0.01 ssl_probe: val F1 0.7222 (n_val=15)
seed 42 budget 0.01 ssl_knn: val F1 0.5952 (n_val=15)
seed 42 budget 0.01 ssl_ft: val F1 0.8762 (n_val=15)
seed 42 budget 0.1 sup: val F1 0.9316 (n_val=148)
seed 42 budget 0.1 sup_aug: val F1 0.9444 (n_val=148)
seed 42 budget 0.1 rand_probe: val F1 0.9251 (n_val=148)
seed 42 budget 0.1 ssl_probe: val F1 0.9476 (n_val=148)
seed 42 budget 0.1 ssl_knn: val F1 0.8829 (n_val=148)
seed 42 budget 0.1 ssl_ft: val F1 0.9383 (n_val=148)
seed 43 budget 0.01 sup: val F1 0.9429 (n_val=15)
seed 43 budget 0.01 sup_aug: val F1 0.9429 (n_val=15)
seed 43 budget 0.01 rand_probe: val F1 0.8540 (n_val=15)
seed 43 budget 0.01 ssl_probe: val F1 0.9429 (n_val=15)
seed 43 budget 0.01 ssl_knn: val F1 0.8595 (n_val=15)
seed 43 budget 0.01 ssl_ft: val F1 0.9429 (n_val=15)
seed 43 budget 0.1 sup: val F1 0.9235 (n_val=148)
seed 43 budget 0.1 sup_aug: val F1 0.9621 (n_val=148)
seed 43 budget 0.1 rand_probe: val F1 0.8824 (n_val=148)
seed 43 budget 0.1 ssl_probe: val F1 0.9412 (n_val=148)
seed 43 budget 0.1 ssl_knn: val F1 0.8923 (n_val=148)
seed 43 budget 0.1 ssl_ft: val F1 0.9628 (n_val=148)
seed 44 budget 0.01 sup: val F1 0.8222 (n_val=15)
seed 44 budget 0.01 sup_aug: val F1 0.9429 (n_val=15)
seed 44 budget 0.01 rand_probe: val F1 0.8222 (n_val=15)
seed 44 budget 0.01 ssl_probe: val F1 0.8397 (n_val=15)
seed 44 budget 0.01 ssl_knn: val F1 0.6238 (n_val=15)
seed 44 budget 0.01 ssl_ft: val F1 0.8873 (n_val=15)
seed 44 budget 0.1 sup: val F1 0.9630 (n_val=148)
seed 44 budget 0.1 sup_aug: val F1 0.9629 (n_val=148)
seed 44 budget 0.1 rand_probe: val F1 0.9302 (n_val=148)
seed 44 budget 0.1 ssl_probe: val F1 0.9231 (n_val=148)
seed 44 budget 0.1 ssl_knn: val F1 0.8976 (n_val=148)
seed 44 budget 0.1 ssl_ft: val F1 0.9568 (n_val=148)
